[sentry-vite-plugin] Info: Sending telemetry data on issues and performance to Sentry. To disable telemetry, set `options.telemetry` to `false`.

 RUN  v3.2.4 /Users/lill-kire/Code/register

{"level":10,"time":1789241807780,"pid":14400,"hostname":"Eriks-MacBook-Pro.local","name":"core","context":"core","msg":"Initialized"}
{"level":10,"time":1789241807782,"pid":14400,"hostname":"Eriks-MacBook-Pro.local","name":"core","context":"core","msg":"Initialized"}
{"level":10,"time":1789241807785,"pid":14400,"hostname":"Eriks-MacBook-Pro.local","name":"core","context":"core","context":"core/history","msg":"Initialized"}
{"level":10,"time":1789241807785,"pid":14400,"hostname":"Eriks-MacBook-Pro.local","name":"core","context":"core","context":"core/history","msg":"Initialized"}
{"level":10,"time":1789241807798,"pid":14400,"hostname":"Eriks-MacBook-Pro.local","name":"core","context":"core","context":"core/expirer","msg":"Initialized"}
{"level":10,"time":1789241807798,"pid":14400,"hostname":"Eriks-MacBook-Pro.local","name":"core","context":"core","context":"core/expirer","msg":"Initialized"}
{"level":10,"time":1789241807798,"pid":14400,"hostname":"Eriks-MacBook-Pro.local","name":"core","context":"core","context":"core/relayer","msg":"Initialized"}
{"level":10,"time":1789241807798,"pid":14400,"hostname":"Eriks-MacBook-Pro.local","name":"core","context":"core","context":"core/relayer","context":"core/relayer/messages","msg":"Initialized"}
{"level":10,"time":1789241807798,"pid":14400,"hostname":"Eriks-MacBook-Pro.local","name":"core","context":"core","context":"core/relayer","context":"core/relayer/subscription","msg":"Initialized"}
{"level":10,"time":1789241807798,"pid":14400,"hostname":"Eriks-MacBook-Pro.local","name":"core","context":"core","context":"core/relayer","msg":"Initialized"}
{"level":10,"time":1789241807798,"pid":14400,"hostname":"Eriks-MacBook-Pro.local","name":"core","context":"core","context":"core/relayer","context":"core/relayer/messages","msg":"Initialized"}
{"level":10,"time":1789241807798,"pid":14400,"hostname":"Eriks-MacBook-Pro.local","name":"core","context":"core","context":"core/relayer","context":"core/relayer/subscription","msg":"Initialized"}
{"level":20,"time":1789241807798,"pid":14400,"hostname":"Eriks-MacBook-Pro.local","name":"core","context":"core","context":"core/relayer","context":"core/relayer/messages","msg":"Successfully Restored records for messages"}
{"level":10,"time":1789241807798,"pid":14400,"hostname":"Eriks-MacBook-Pro.local","name":"core","context":"core","context":"core/relayer","context":"core/relayer/messages","type":"method","method":"restore","size":0}
{"level":20,"time":1789241807798,"pid":14400,"hostname":"Eriks-MacBook-Pro.local","name":"core","context":"core","context":"core/relayer","context":"core/relayer/messages","msg":"Successfully Restored records for messages"}
{"level":10,"time":1789241807798,"pid":14400,"hostname":"Eriks-MacBook-Pro.local","name":"core","context":"core","context":"core/relayer","context":"core/relayer/messages","type":"method","method":"restore","size":0}
{"level":10,"time":1789241807799,"pid":14400,"hostname":"Eriks-MacBook-Pro.local","name":"core","context":"core","context":"core/pairing","context":"core/pairing/pairing","msg":"Initialized"}
{"level":10,"time":1789241807799,"pid":14400,"hostname":"Eriks-MacBook-Pro.local","name":"core","context":"core","context":"core/pairing","context":"core/pairing/pairing","msg":"Initialized"}
{"level":10,"time":1789241807799,"pid":14400,"hostname":"Eriks-MacBook-Pro.local","name":"core","context":"core","context":"core/pairing","msg":"Initialized"}
{"level":10,"time":1789241807799,"pid":14400,"hostname":"Eriks-MacBook-Pro.local","name":"core","context":"core","context":"core/pairing","msg":"Initialized"}
{"level":30,"time":1789241807799,"pid":14400,"hostname":"Eriks-MacBook-Pro.local","name":"core","context":"core","msg":"Core Initialization Success"}
{"level":30,"time":1789241807799,"pid":14400,"hostname":"Eriks-MacBook-Pro.local","name":"core","context":"core","msg":"Core Initialization Success"}
 ✓ src/views/internal/design-system/tests/table-family.test.tsx (13 tests) 844ms
{"level":10,"time":1789241810593,"pid":14406,"hostname":"Eriks-MacBook-Pro.local","name":"core","context":"core","msg":"Initialized"}
{"level":10,"time":1789241810594,"pid":14406,"hostname":"Eriks-MacBook-Pro.local","name":"core","context":"core","msg":"Initialized"}
{"level":10,"time":1789241810597,"pid":14406,"hostname":"Eriks-MacBook-Pro.local","name":"core","context":"core","context":"core/history","msg":"Initialized"}
{"level":10,"time":1789241810597,"pid":14406,"hostname":"Eriks-MacBook-Pro.local","name":"core","context":"core","context":"core/history","msg":"Initialized"}
{"level":10,"time":1789241810609,"pid":14406,"hostname":"Eriks-MacBook-Pro.local","name":"core","context":"core","context":"core/expirer","msg":"Initialized"}
{"level":10,"time":1789241810609,"pid":14406,"hostname":"Eriks-MacBook-Pro.local","name":"core","context":"core","context":"core/expirer","msg":"Initialized"}
{"level":10,"time":1789241810609,"pid":14406,"hostname":"Eriks-MacBook-Pro.local","name":"core","context":"core","context":"core/relayer","msg":"Initialized"}
{"level":10,"time":1789241810609,"pid":14406,"hostname":"Eriks-MacBook-Pro.local","name":"core","context":"core","context":"core/relayer","context":"core/relayer/messages","msg":"Initialized"}
{"level":10,"time":1789241810609,"pid":14406,"hostname":"Eriks-MacBook-Pro.local","name":"core","context":"core","context":"core/relayer","context":"core/relayer/subscription","msg":"Initialized"}
{"level":10,"time":1789241810609,"pid":14406,"hostname":"Eriks-MacBook-Pro.local","name":"core","context":"core","context":"core/relayer","msg":"Initialized"}
{"level":10,"time":1789241810609,"pid":14406,"hostname":"Eriks-MacBook-Pro.local","name":"core","context":"core","context":"core/relayer","context":"core/relayer/messages","msg":"Initialized"}
{"level":10,"time":1789241810609,"pid":14406,"hostname":"Eriks-MacBook-Pro.local","name":"core","context":"core","context":"core/relayer","context":"core/relayer/subscription","msg":"Initialized"}
{"level":20,"time":1789241810609,"pid":14406,"hostname":"Eriks-MacBook-Pro.local","name":"core","context":"core","context":"core/relayer","context":"core/relayer/messages","msg":"Successfully Restored records for messages"}
{"level":10,"time":1789241810609,"pid":14406,"hostname":"Eriks-MacBook-Pro.local","name":"core","context":"core","context":"core/relayer","context":"core/relayer/messages","type":"method","method":"restore","size":0}
{"level":20,"time":1789241810609,"pid":14406,"hostname":"Eriks-MacBook-Pro.local","name":"core","context":"core","context":"core/relayer","context":"core/relayer/messages","msg":"Successfully Restored records for messages"}
{"level":10,"time":1789241810609,"pid":14406,"hostname":"Eriks-MacBook-Pro.local","name":"core","context":"core","context":"core/relayer","context":"core/relayer/messages","type":"method","method":"restore","size":0}
{"level":10,"time":1789241810609,"pid":14406,"hostname":"Eriks-MacBook-Pro.local","name":"core","context":"core","context":"core/pairing","context":"core/pairing/pairing","msg":"Initialized"}
{"level":10,"time":1789241810609,"pid":14406,"hostname":"Eriks-MacBook-Pro.local","name":"core","context":"core","context":"core/pairing","context":"core/pairing/pairing","msg":"Initialized"}
{"level":10,"time":1789241810610,"pid":14406,"hostname":"Eriks-MacBook-Pro.local","name":"core","context":"core","context":"core/pairing","msg":"Initialized"}
{"level":10,"time":1789241810610,"pid":14406,"hostname":"Eriks-MacBook-Pro.local","name":"core","context":"core","context":"core/pairing","msg":"Initialized"}
{"level":30,"time":1789241810610,"pid":14406,"hostname":"Eriks-MacBook-Pro.local","name":"core","context":"core","msg":"Core Initialization Success"}
{"level":30,"time":1789241810610,"pid":14406,"hostname":"Eriks-MacBook-Pro.local","name":"core","context":"core","msg":"Core Initialization Success"}
 ✓ src/views/internal/design-system/tests/owned-positions.test.tsx (10 tests) 599ms
{"level":10,"time":1789241812721,"pid":14414,"hostname":"Eriks-MacBook-Pro.local","name":"core","context":"core","msg":"Initialized"}
{"level":10,"time":1789241812722,"pid":14414,"hostname":"Eriks-MacBook-Pro.local","name":"core","context":"core","msg":"Initialized"}
{"level":10,"time":1789241812724,"pid":14414,"hostname":"Eriks-MacBook-Pro.local","name":"core","context":"core","context":"core/history","msg":"Initialized"}
{"level":10,"time":1789241812724,"pid":14414,"hostname":"Eriks-MacBook-Pro.local","name":"core","context":"core","context":"core/history","msg":"Initialized"}
{"level":10,"time":1789241812736,"pid":14414,"hostname":"Eriks-MacBook-Pro.local","name":"core","context":"core","context":"core/expirer","msg":"Initialized"}
{"level":10,"time":1789241812736,"pid":14414,"hostname":"Eriks-MacBook-Pro.local","name":"core","context":"core","context":"core/expirer","msg":"Initialized"}
{"level":10,"time":1789241812736,"pid":14414,"hostname":"Eriks-MacBook-Pro.local","name":"core","context":"core","context":"core/relayer","msg":"Initialized"}
{"level":10,"time":1789241812736,"pid":14414,"hostname":"Eriks-MacBook-Pro.local","name":"core","context":"core","context":"core/relayer","context":"core/relayer/messages","msg":"Initialized"}
{"level":10,"time":1789241812736,"pid":14414,"hostname":"Eriks-MacBook-Pro.local","name":"core","context":"core","context":"core/relayer","context":"core/relayer/subscription","msg":"Initialized"}
{"level":10,"time":1789241812736,"pid":14414,"hostname":"Eriks-MacBook-Pro.local","name":"core","context":"core","context":"core/relayer","msg":"Initialized"}
{"level":10,"time":1789241812736,"pid":14414,"hostname":"Eriks-MacBook-Pro.local","name":"core","context":"core","context":"core/relayer","context":"core/relayer/messages","msg":"Initialized"}
{"level":10,"time":1789241812736,"pid":14414,"hostname":"Eriks-MacBook-Pro.local","name":"core","context":"core","context":"core/relayer","context":"core/relayer/subscription","msg":"Initialized"}
{"level":20,"time":1789241812736,"pid":14414,"hostname":"Eriks-MacBook-Pro.local","name":"core","context":"core","context":"core/relayer","context":"core/relayer/messages","msg":"Successfully Restored records for messages"}
{"level":10,"time":1789241812736,"pid":14414,"hostname":"Eriks-MacBook-Pro.local","name":"core","context":"core","context":"core/relayer","context":"core/relayer/messages","type":"method","method":"restore","size":0}
{"level":20,"time":1789241812736,"pid":14414,"hostname":"Eriks-MacBook-Pro.local","name":"core","context":"core","context":"core/relayer","context":"core/relayer/messages","msg":"Successfully Restored records for messages"}
{"level":10,"time":1789241812736,"pid":14414,"hostname":"Eriks-MacBook-Pro.local","name":"core","context":"core","context":"core/relayer","context":"core/relayer/messages","type":"method","method":"restore","size":0}
{"level":10,"time":1789241812737,"pid":14414,"hostname":"Eriks-MacBook-Pro.local","name":"core","context":"core","context":"core/pairing","context":"core/pairing/pairing","msg":"Initialized"}
{"level":10,"time":1789241812737,"pid":14414,"hostname":"Eriks-MacBook-Pro.local","name":"core","context":"core","context":"core/pairing","context":"core/pairing/pairing","msg":"Initialized"}
{"level":10,"time":1789241812737,"pid":14414,"hostname":"Eriks-MacBook-Pro.local","name":"core","context":"core","context":"core/pairing","msg":"Initialized"}
{"level":10,"time":1789241812737,"pid":14414,"hostname":"Eriks-MacBook-Pro.local","name":"core","context":"core","context":"core/pairing","msg":"Initialized"}
{"level":30,"time":1789241812737,"pid":14414,"hostname":"Eriks-MacBook-Pro.local","name":"core","context":"core","msg":"Core Initialization Success"}
{"level":30,"time":1789241812737,"pid":14414,"hostname":"Eriks-MacBook-Pro.local","name":"core","context":"core","msg":"Core Initialization Success"}
 ✓ src/views/internal/design-system/tests/earn-family.test.tsx (18 tests) 396ms
 ✓ src/views/internal/design-system/tests/component-catalog.test.ts (33 tests) 45ms

 Test Files  4 passed (4)
      Tests  74 passed (74)
   Start at  21:36:44
   Duration  9.07s (transform 708ms, setup 223ms, collect 5.17s, tests 1.88s, environment 1.08s, prepare 133ms)

